User: geoffm         , Dtime: 20190219-0822, DatFile: /home/geoffm/quiz-files/quiz.dat, Score:    0.0%, Elapsed_time: 8.41, Num ques:      1
User: geoffm         , Dtime: 20190219-1034, DatFile: /home/geoffm/quiz-files/test.dat, Score:   50.0%, Elapsed_time: 25.05, Num ques:      2
User: geoffm         , Dtime: 20190219-1057, DatFile: /home/geoffm/quiz-files/quiz20190206.dat, Score:  84.62%, Elapsed_time: 127.95, Num ques:     13
User: geoffm         , Dtime: 20190219-1108, DatFile: /home/geoffm/quiz-files/quiz20190206.dat, Score:  92.31%, Elapsed_time: 91.31, Num ques:     13
User: geoffm         , Dtime: 20190219-1130, DatFile: quiz20190206.dat, Score:  92.31%, Elapsed_time: 87.79, Num ques:     13
User: g              , Dtime: 20190219-0602, DatFile: the9s.dat      , Score:   90.0%, Elapsed_time: 42.13, Num ques:     10
User: g              , Dtime: 20190219-0604, DatFile: quiz20190205.dat, Score:  100.0%, Elapsed_time: 18.68, Num ques:      2
User: g              , Dtime: 20190219-0607, DatFile: quiz20190205.dat, Score:  100.0%, Elapsed_time: 26.25, Num ques:      2
User: g              , Dtime: 20190219-0609, DatFile: quiz20190205.dat, Score:   50.0%, Elapsed_time: 20.05, Num ques:      2
User: g              , Dtime: 20190219-0625, DatFile: quiz20190205.dat, Score:   50.0%, Elapsed_time: 13.80, Num ques:      2
User: g              , Dtime: 20190219-0633, DatFile: quiz20190205.dat, Score:  100.0%, Elapsed_time: 32.71, Num ques:      2
User: g              , Dtime: 20190219-0634, DatFile: quiz20190205.dat, Score:  100.0%, Elapsed_time: 22.17, Num ques:      2
User: g              , Dtime: 20190219-0635, DatFile: quiz20190205.dat, Score:  100.0%, Elapsed_time: 19.35, Num ques:      2
User: g              , Dtime: 20190219-0639, DatFile: quiz20190205.dat, Score:  100.0%, Elapsed_time: 14.03, Num ques:      2
User: g              , Dtime: 20190219-0639, DatFile: quiz20190205.dat, Score:  100.0%, Elapsed_time: 12.86, Num ques:      2
User: g              , Dtime: 20190219-0640, DatFile: quiz20190205.dat, Score:  100.0%, Elapsed_time: 19.22, Num ques:      2
User: g              , Dtime: 20190219-0642, DatFile: quiz20190205.dat, Score:  100.0%, Elapsed_time: 17.35, Num ques:      2
User: g              , Dtime: 20190219-0643, DatFile: quiz20190205.dat, Score:  100.0%, Elapsed_time: 15.18, Num ques:      2
User: g              , Dtime: 20190219-0643, DatFile: quiz20190205.dat, Score:  100.0%, Elapsed_time: 14.10, Num ques:      2
User: g              , Dtime: 20190219-0644, DatFile: quiz20190205.dat, Score:  100.0%, Elapsed_time: 22.42, Num ques:      2
User: g              , Dtime: 20190219-0644, DatFile: quiz20190205.dat, Score:  100.0%, Elapsed_time: 16.64, Num ques:      2
User: g              , Dtime: 20190219-0645, DatFile: quiz20190205.dat, Score:  100.0%, Elapsed_time: 15.00, Num ques:      2
User: g              , Dtime: 20190219-0645, DatFile: quiz20190205.dat, Score:  100.0%, Elapsed_time: 11.73, Num ques:      2
User: g              , Dtime: 20190219-0645, DatFile: quiz20190205.dat, Score:  100.0%, Elapsed_time: 17.11, Num ques:      2
User: g              , Dtime: 20190219-0706, DatFile: the9s.dat      , Score:  100.0%, Elapsed_time: 18.31, Num ques:      2
User: g              , Dtime: 20190219-0708, DatFile: the9s.dat      , Score:  100.0%, Elapsed_time: 41.25, Num ques:      2
User: g              , Dtime: 20190219-0720, DatFile: quiz20190206.dat, Score:  100.0%, Elapsed_time: 34.71, Num ques:      2
User: g              , Dtime: 20190219-0721, DatFile: the9s.dat      , Score:  100.0%, Elapsed_time: 25.20, Num ques:      2
User: g              , Dtime: 20190219-0728, DatFile: the9s.dat      , Score:  100.0%, Elapsed_time: 13.86, Num ques:      2
User: g              , Dtime: 20190219-0731, DatFile: the9s.dat      , Score:  100.0%, Elapsed_time: 71.78, Num ques:      2
User: g              , Dtime: 20190219-0732, DatFile: the9s.dat      , Score:  100.0%, Elapsed_time: 12.82, Num ques:      2
User: g              , Dtime: 20190219-0734, DatFile: the9s.dat      , Score:  100.0%, Elapsed_time: 74.04, Num ques:     10
User: g              , Dtime: 20190219-0736, DatFile: the9s.dat      , Score:  100.0%, Elapsed_time: 13.86, Num ques:      2
User: g              , Dtime: 20190219-0811, DatFile: the8s.dat      , Score:   60.0%, Elapsed_time: 63.96, Num ques:     10
User: g              , Dtime: 20190219-1109, DatFile: astronomy.dat  , Score:  100.0%, Elapsed_time: 16.59, Num ques:      1
User: g              , Dtime: 20190219-1116, DatFile: astronomy.dat  , Score:  100.0%, Elapsed_time: 17.37, Num ques:      1
User: g              , Dtime: 20190219-1140, DatFile: the9s.dat      , Score:  100.0%, Elapsed_time: 40.25, Num ques:     10
User: g              , Dtime: 20190219-1142, DatFile: the9s.dat      , Score:  100.0%, Elapsed_time: 23.08, Num ques:     10
User: g              , Dtime: 20190219-1146, DatFile: astronomy.dat  , Score:   80.0%, Elapsed_time: 73.97, Num ques:      5
User: g              , Dtime: 20190219-1147, DatFile: astronomy.dat  , Score:  100.0%, Elapsed_time: 49.79, Num ques:      5
User: g              , Dtime: 20190219-1517, DatFile: timeline.dat   , Score:  100.0%, Elapsed_time: 101.23, Num ques:      4
User: g              , Dtime: 20190219-1538, DatFile: timeline.dat   , Score:  100.0%, Elapsed_time: 30.46, Num ques:      5
User: g              , Dtime: 20190219-1551, DatFile: timeline.dat   , Score: 116.67%, Elapsed_time: 40.61, Num ques:      6
User: g              , Dtime: 20190219-1008, DatFile: the9s.dat      , Score:  100.0%, Elapsed_time: 47.73, Num ques:     10
User: g              , Dtime: 20190219-1041, DatFile: US-history-timeline.dat, Score:  100.0%, Elapsed_time: 130.14, Num ques:      9
User: g              , Dtime: 20190219-1315, DatFile: division.dat   , Score:  100.0%, Elapsed_time: 25.12, Num ques:      3
User: g              , Dtime: 20190219-1515, DatFile: division.dat   , Score:  66.67%, Elapsed_time: 36.66, Num ques:      3
User: g              , Dtime: 20190219-1519, DatFile: division.dat   , Score:  66.67%, Elapsed_time: 37.74, Num ques:      3
User: g              , Dtime: 20190219-1522, DatFile: division.dat   , Score:  100.0%, Elapsed_time: 39.53, Num ques:      4
User: g              , Dtime: 20190219-1524, DatFile: US-history-timeline.dat, Score:  100.0%, Elapsed_time: 151.52, Num ques:      9
User: g              , Dtime: 20190219-1759, DatFile: US-history-timeline.dat, Score: 111.11%, Elapsed_time: 116.69, Num ques:      9
